<!DOCTYPE html>
<html lang="en">
<head>
    <meta http-equiv="refresh" content="0;URL=../../../wast/component/struct.Expected.html">
    <title>Redirection</title>
</head>
<body>
    <p>Redirecting to <a href="../../../wast/component/struct.Expected.html">../../../wast/component/struct.Expected.html</a>...</p>
    <script>location.replace("../../../wast/component/struct.Expected.html" + location.search + location.hash);</script>
</body>
</html>